// Jest Snapshot v1, https://goo.gl/fbAQLP

exports[`property card renders properly 1`] = `[Function]`;
